// Jest Snapshot v1, https://goo.gl/fbAQLP

exports[`When I connect a component to the ad server the connected component renders correctly (activate prop is added, other props are proxied through) 1`] = `
<div
  activate="activate"
  foo="bar"
/>
`;
